
> ss-esports-dashboard@0.1.0 build
> next build

  ▲ Next.js 14.2.35
  - Environments: .env

   Creating an optimized production build ...
 ✓ Compiled successfully
   Linting and checking validity of types ...
   Collecting page data ...
   Generating static pages (0/14) ...
   Generating static pages (3/14) 
   Generating static pages (6/14) 
   Generating static pages (10/14) 
 ✓ Generating static pages (14/14)
   Finalizing page optimization ...
   Collecting build traces ...

Route (app)                              Size     First Load JS
┌ ○ /                                    6.84 kB         159 kB
├ ○ /_not-found                          876 B          88.4 kB
├ ○ /admin                               2.89 kB         184 kB
├ ƒ /api/auth/[...nextauth]              0 B                0 B
├ ƒ /api/bridge/[...path]                0 B                0 B
├ ○ /denied                              6.69 kB         164 kB
├ ○ /groups                              3.44 kB         156 kB
├ ○ /leaderboard                         6.08 kB         159 kB
├ ○ /login                               1.56 kB         150 kB
├ ○ /logs                                3.37 kB         156 kB
├ ○ /matches                             2.57 kB         183 kB
├ ○ /settings                            5.75 kB         158 kB
└ ○ /squads                              2.77 kB         184 kB
+ First Load JS shared by all            87.5 kB
  ├ chunks/117-fa592f6572f7d130.js       31.9 kB
  ├ chunks/fd9d1056-5b6dc75afdbe64ae.js  53.6 kB
  └ other shared chunks (total)          1.96 kB


ƒ Middleware                             47.7 kB

○  (Static)   prerendered as static content
ƒ  (Dynamic)  server-rendered on demand

